location: clients/tests/test-client.py:691:test_002()/18
cmd: $NMCLI -f AP -mode tabular -t d show wlan0
lang: pl_PL.UTF-8
returncode: 0
stdout: 156 bytes
>>>
AP: :wlan0-ap-3:Infra:1:54 Mbit/s:55:**  :WPA1 WPA2
AP: :wlan0-ap-1:Infra:1:54 Mbit/s:44:**  :WPA1 WPA2
AP: :wlan0-ap-2:Infra:1:54 Mbit/s:34:**  :WPA1 WPA2

<<<
stderr: 0 bytes
>>>

<<<
